Pane 1
190
Pane 2
190
